// Jest Snapshot v1, https://goo.gl/fbAQLP

exports[`FinancialForm Component should match snapshot 1`] = `
{
  "asFragment": [Function],
  "baseElement": <body>
    <div>
      <form>
        <div
          class="h-[741px] flex flex-col justify-between"
        >
          <div
            class="w-full  text-black-default space-y-10"
          >
            <div
              class="grid w-full gap-2"
            >
              <div
                class="w-full space-y-5"
              >
                <label
                  class="peer-disabled:cursor-not-allowed peer-disabled:opacity-70 text-black-soft text-md"
                  id="Bank Name-label"
                >
                  Bank Name
                </label>
                <input
                  aria-describedby=":r0:-form-item-description"
                  aria-invalid="false"
                  aria-labelledby="Bank Name-label"
                  autocomplete="off"
                  class="font-productsans flex w-full py-4 text-lg text-black-smoky placeholder:text-gray-soft outline-none disabled:cursor-not-allowed disabled:opacity-50 bg-blue-light h-[68px] px-12 rounded-[15px]"
                  data-testid="input-element"
                  id=":r0:-form-item"
                  name="bankName"
                  placeholder="Enter your bank name"
                  value=""
                />
              </div>
            </div>
            <div
              class="flex items-start gap-16"
            >
              <div
                class="grid w-full gap-2"
              >
                <div
                  class="w-full space-y-5"
                >
                  <label
                    class="peer-disabled:cursor-not-allowed peer-disabled:opacity-70 text-black-soft text-md"
                    id="Account No-label"
                  >
                    Account No
                  </label>
                  <input
                    aria-describedby=":r1:-form-item-description"
                    aria-invalid="false"
                    aria-labelledby="Account No-label"
                    autocomplete="off"
                    class="font-productsans flex w-full py-4 text-lg text-black-smoky placeholder:text-gray-soft outline-none disabled:cursor-not-allowed disabled:opacity-50 bg-blue-light h-[68px] px-12 rounded-[15px]"
                    data-testid="input-element"
                    id=":r1:-form-item"
                    name="accountNo"
                    placeholder="Enter your account number"
                    type="number"
                    value="0"
                  />
                </div>
              </div>
              <div
                class="grid w-full gap-2"
              >
                <div
                  class="w-full space-y-5"
                >
                  <label
                    class="peer-disabled:cursor-not-allowed peer-disabled:opacity-70 text-black-soft text-md"
                    id="Account Name-label"
                  >
                    Account Name
                  </label>
                  <input
                    aria-describedby=":r2:-form-item-description"
                    aria-invalid="false"
                    aria-labelledby="Account Name-label"
                    autocomplete="off"
                    class="font-productsans flex w-full py-4 text-lg text-black-smoky placeholder:text-gray-soft outline-none disabled:cursor-not-allowed disabled:opacity-50 bg-blue-light h-[68px] px-12 rounded-[15px]"
                    data-testid="input-element"
                    id=":r2:-form-item"
                    name="accountName"
                    placeholder="Enter your account name"
                    value=""
                  />
                </div>
              </div>
            </div>
          </div>
          <div
            class="w-full h-[70px] flex items-center justify-center"
          >
            <button
              class="font-productsans inline-flex items-center justify-center whitespace-nowrap text-lg font-bold ring-offset-background transition-all duration-300 ease-in-out outline-none focus-visible:outline-none disabled:opacity-50 disabled:cursor-not-allowed text-white h-[70px] py-6 w-[587px] bg-green-primary rounded-lg"
              disabled=""
              type="submit"
            >
              Update Account Details
            </button>
          </div>
        </div>
      </form>
    </div>
  </body>,
  "container": <div>
    <form>
      <div
        class="h-[741px] flex flex-col justify-between"
      >
        <div
          class="w-full  text-black-default space-y-10"
        >
          <div
            class="grid w-full gap-2"
          >
            <div
              class="w-full space-y-5"
            >
              <label
                class="peer-disabled:cursor-not-allowed peer-disabled:opacity-70 text-black-soft text-md"
                id="Bank Name-label"
              >
                Bank Name
              </label>
              <input
                aria-describedby=":r0:-form-item-description"
                aria-invalid="false"
                aria-labelledby="Bank Name-label"
                autocomplete="off"
                class="font-productsans flex w-full py-4 text-lg text-black-smoky placeholder:text-gray-soft outline-none disabled:cursor-not-allowed disabled:opacity-50 bg-blue-light h-[68px] px-12 rounded-[15px]"
                data-testid="input-element"
                id=":r0:-form-item"
                name="bankName"
                placeholder="Enter your bank name"
                value=""
              />
            </div>
          </div>
          <div
            class="flex items-start gap-16"
          >
            <div
              class="grid w-full gap-2"
            >
              <div
                class="w-full space-y-5"
              >
                <label
                  class="peer-disabled:cursor-not-allowed peer-disabled:opacity-70 text-black-soft text-md"
                  id="Account No-label"
                >
                  Account No
                </label>
                <input
                  aria-describedby=":r1:-form-item-description"
                  aria-invalid="false"
                  aria-labelledby="Account No-label"
                  autocomplete="off"
                  class="font-productsans flex w-full py-4 text-lg text-black-smoky placeholder:text-gray-soft outline-none disabled:cursor-not-allowed disabled:opacity-50 bg-blue-light h-[68px] px-12 rounded-[15px]"
                  data-testid="input-element"
                  id=":r1:-form-item"
                  name="accountNo"
                  placeholder="Enter your account number"
                  type="number"
                  value="0"
                />
              </div>
            </div>
            <div
              class="grid w-full gap-2"
            >
              <div
                class="w-full space-y-5"
              >
                <label
                  class="peer-disabled:cursor-not-allowed peer-disabled:opacity-70 text-black-soft text-md"
                  id="Account Name-label"
                >
                  Account Name
                </label>
                <input
                  aria-describedby=":r2:-form-item-description"
                  aria-invalid="false"
                  aria-labelledby="Account Name-label"
                  autocomplete="off"
                  class="font-productsans flex w-full py-4 text-lg text-black-smoky placeholder:text-gray-soft outline-none disabled:cursor-not-allowed disabled:opacity-50 bg-blue-light h-[68px] px-12 rounded-[15px]"
                  data-testid="input-element"
                  id=":r2:-form-item"
                  name="accountName"
                  placeholder="Enter your account name"
                  value=""
                />
              </div>
            </div>
          </div>
        </div>
        <div
          class="w-full h-[70px] flex items-center justify-center"
        >
          <button
            class="font-productsans inline-flex items-center justify-center whitespace-nowrap text-lg font-bold ring-offset-background transition-all duration-300 ease-in-out outline-none focus-visible:outline-none disabled:opacity-50 disabled:cursor-not-allowed text-white h-[70px] py-6 w-[587px] bg-green-primary rounded-lg"
            disabled=""
            type="submit"
          >
            Update Account Details
          </button>
        </div>
      </div>
    </form>
  </div>,
  "debug": [Function],
  "findAllByAltText": [Function],
  "findAllByDisplayValue": [Function],
  "findAllByLabelText": [Function],
  "findAllByPlaceholderText": [Function],
  "findAllByRole": [Function],
  "findAllByTestId": [Function],
  "findAllByText": [Function],
  "findAllByTitle": [Function],
  "findByAltText": [Function],
  "findByDisplayValue": [Function],
  "findByLabelText": [Function],
  "findByPlaceholderText": [Function],
  "findByRole": [Function],
  "findByTestId": [Function],
  "findByText": [Function],
  "findByTitle": [Function],
  "getAllByAltText": [Function],
  "getAllByDisplayValue": [Function],
  "getAllByLabelText": [Function],
  "getAllByPlaceholderText": [Function],
  "getAllByRole": [Function],
  "getAllByTestId": [Function],
  "getAllByText": [Function],
  "getAllByTitle": [Function],
  "getByAltText": [Function],
  "getByDisplayValue": [Function],
  "getByLabelText": [Function],
  "getByPlaceholderText": [Function],
  "getByRole": [Function],
  "getByTestId": [Function],
  "getByText": [Function],
  "getByTitle": [Function],
  "queryAllByAltText": [Function],
  "queryAllByDisplayValue": [Function],
  "queryAllByLabelText": [Function],
  "queryAllByPlaceholderText": [Function],
  "queryAllByRole": [Function],
  "queryAllByTestId": [Function],
  "queryAllByText": [Function],
  "queryAllByTitle": [Function],
  "queryByAltText": [Function],
  "queryByDisplayValue": [Function],
  "queryByLabelText": [Function],
  "queryByPlaceholderText": [Function],
  "queryByRole": [Function],
  "queryByTestId": [Function],
  "queryByText": [Function],
  "queryByTitle": [Function],
  "rerender": [Function],
  "unmount": [Function],
}
`;
