// Jest Snapshot v1, https://goo.gl/fbAQLP

exports[`ImageUpload component should match snapshot 1`] = `
<div>
  <div
    class="flex flex-col items-start gap-4"
  >
    <div
      class="space-y-2 w-full"
    >
      <div
        class="relative flex items-center justify-center w-[196px] h-[196px] rounded-full bg-gray-neutral group overflow-hidden"
      >
        <button
          class="font-productsans inline-flex items-center justify-center whitespace-nowrap text-lg font-bold ring-offset-background transition-all duration-300 ease-in-out outline-none focus-visible:outline-none disabled:opacity-50 disabled:cursor-not-allowed hover:bg-accent hover:text-accent-foreground rounded-full w-full h-full"
        >
          <svg
            class="text-white transition-all group-hover:opacity-50"
            fill="none"
            height="80"
            viewBox="0 0 28 28"
            width="80"
            xmlns="http://www.w3.org/2000/svg"
          >
            <g
              clip-path="url(#a)"
            >
              <path
                d="M14 15.75a7.877 7.877 0 0 0 7.875-7.875A7.877 7.877 0 0 0 14 0a7.877 7.877 0 0 0-7.875 7.875A7.877 7.877 0 0 0 14 15.75Zm7 1.75h-3.013a9.53 9.53 0 0 1-3.987.875 9.549 9.549 0 0 1-3.987-.875H7a7 7 0 0 0-7 7v.875A2.626 2.626 0 0 0 2.625 28h22.75A2.626 2.626 0 0 0 28 25.375V24.5a7 7 0 0 0-7-7Z"
                fill="currentColor"
              />
            </g>
            <defs>
              <clippath
                id="a"
              >
                <path
                  d="M0 0h28v28H0z"
                  fill="currentColor"
                />
              </clippath>
            </defs>
          </svg>
        </button>
        <div
          class="absolute inset-0 cursor-pointer pointer-events-none bg-black-default/20 opacity-0 group-hover:opacity-100 transition-opacity flex items-center justify-center"
        >
          <svg
            class="lucide lucide-plus text-white"
            fill="none"
            height="40"
            stroke="currentColor"
            stroke-linecap="round"
            stroke-linejoin="round"
            stroke-width="2"
            viewBox="0 0 24 24"
            width="40"
            xmlns="http://www.w3.org/2000/svg"
          >
            <path
              d="M5 12h14"
            />
            <path
              d="M12 5v14"
            />
          </svg>
        </div>
        <input
          accept="image/*"
          autocomplete="off"
          class="font-productsans w-full px-5 py-4 text-lg text-black-smoky placeholder:text-gray-soft outline-none disabled:cursor-not-allowed disabled:opacity-50 bg-blue-light h-[54px] hidden"
          data-testid="input-element"
          type="file"
        />
      </div>
    </div>
  </div>
</div>
`;
