// Jest Snapshot v1, https://goo.gl/fbAQLP

exports[`UserLayout should match snapshot 1`] = `<DocumentFragment />`;
