// Jest Snapshot v1, https://goo.gl/fbAQLP

exports[`InfoTile component should match snapshot 1`] = `
<DocumentFragment>
  <div
    class="flex items-center gap-8 w-[323px] text-white rounded-[14px] pt-9 pb-8 px-8"
  >
    <span>
      icon
    </span>
    <div
      class="flex flex-col items-center"
    >
      <span
        class="text-4xl font-bold leading-[100%]"
      >
        4
      </span>
      <span
        class="text-lg font-bold"
      >
        Messages
      </span>
    </div>
  </div>
</DocumentFragment>
`;
