// Jest Snapshot v1, https://goo.gl/fbAQLP

exports[`NotFound Page should match snapshot 1`] = `
{
  "asFragment": [Function],
  "baseElement": <body>
    <div>
      <div
        class="h-screen mx-auto text-center"
      >
        <div
          class="flex flex-col items-center justify-center h-full pt-20 pb-24"
        >
          <p
            class="text-black-default text-2xl font-semibold"
          >
            Oops! Page not found
          </p>
          <p
            class="text-primary text-lg font-medium max-w-md mt-2"
          >
            The page you are looking for might have been removed or temporarily unavailable.
          </p>
          <a
            data-discover="true"
            href="/user/dashboard"
          >
            <button
              class="font-productsans inline-flex items-center justify-center whitespace-nowrap rounded-[14px] text-lg font-bold ring-offset-background duration-300 ease-in-out outline-none focus-visible:outline-none disabled:opacity-50 disabled:cursor-not-allowed bg-primary text-white h-[70px] px-6 py-3 mt-10 transition"
            >
              Back to Dashboard
            </button>
          </a>
        </div>
      </div>
    </div>
  </body>,
  "container": <div>
    <div
      class="h-screen mx-auto text-center"
    >
      <div
        class="flex flex-col items-center justify-center h-full pt-20 pb-24"
      >
        <p
          class="text-black-default text-2xl font-semibold"
        >
          Oops! Page not found
        </p>
        <p
          class="text-primary text-lg font-medium max-w-md mt-2"
        >
          The page you are looking for might have been removed or temporarily unavailable.
        </p>
        <a
          data-discover="true"
          href="/user/dashboard"
        >
          <button
            class="font-productsans inline-flex items-center justify-center whitespace-nowrap rounded-[14px] text-lg font-bold ring-offset-background duration-300 ease-in-out outline-none focus-visible:outline-none disabled:opacity-50 disabled:cursor-not-allowed bg-primary text-white h-[70px] px-6 py-3 mt-10 transition"
          >
            Back to Dashboard
          </button>
        </a>
      </div>
    </div>
  </div>,
  "debug": [Function],
  "findAllByAltText": [Function],
  "findAllByDisplayValue": [Function],
  "findAllByLabelText": [Function],
  "findAllByPlaceholderText": [Function],
  "findAllByRole": [Function],
  "findAllByTestId": [Function],
  "findAllByText": [Function],
  "findAllByTitle": [Function],
  "findByAltText": [Function],
  "findByDisplayValue": [Function],
  "findByLabelText": [Function],
  "findByPlaceholderText": [Function],
  "findByRole": [Function],
  "findByTestId": [Function],
  "findByText": [Function],
  "findByTitle": [Function],
  "getAllByAltText": [Function],
  "getAllByDisplayValue": [Function],
  "getAllByLabelText": [Function],
  "getAllByPlaceholderText": [Function],
  "getAllByRole": [Function],
  "getAllByTestId": [Function],
  "getAllByText": [Function],
  "getAllByTitle": [Function],
  "getByAltText": [Function],
  "getByDisplayValue": [Function],
  "getByLabelText": [Function],
  "getByPlaceholderText": [Function],
  "getByRole": [Function],
  "getByTestId": [Function],
  "getByText": [Function],
  "getByTitle": [Function],
  "queryAllByAltText": [Function],
  "queryAllByDisplayValue": [Function],
  "queryAllByLabelText": [Function],
  "queryAllByPlaceholderText": [Function],
  "queryAllByRole": [Function],
  "queryAllByTestId": [Function],
  "queryAllByText": [Function],
  "queryAllByTitle": [Function],
  "queryByAltText": [Function],
  "queryByDisplayValue": [Function],
  "queryByLabelText": [Function],
  "queryByPlaceholderText": [Function],
  "queryByRole": [Function],
  "queryByTestId": [Function],
  "queryByText": [Function],
  "queryByTitle": [Function],
  "rerender": [Function],
  "unmount": [Function],
}
`;
