// Jest Snapshot v1, https://goo.gl/fbAQLP

exports[`ConfirmDialog components should match snapshot 1`] = `<DocumentFragment />`;
