// Jest Snapshot v1, https://goo.gl/fbAQLP

exports[`AdminLeave should render successfully 1`] = `
<div>
  <div
    class="px-12 bg-primary rounded-3xl mt-10 flex justify-between max-h-[422px] overflow-hidden"
  >
    <div
      class="w-[740px]"
    >
      <img
        alt="Arrow Right Image"
        class="ml-5 object-cover"
        src="/assets/images/arrowRight.webp"
      />
      <p
        class="text-5xl font-bold text-white"
      >
        Manage ALL 
        <span
          class="text-secondary"
        >
          Leave Applications
        </span>
      </p>
      <p
        class="text-white text-xl"
      >
        A relaxed employee is a performing employee.
      </p>
      <div
        class="w-full flex justify-end"
      >
        <img
          alt="Arrow Left Image"
          class="object-cover"
          src="/assets/images/arrowLeft.webp"
        />
      </div>
    </div>
    <img
      alt="Leave Image"
      class="object-cover"
      src="/assets/images/leaveImage.webp"
    />
  </div>
</div>
`;
