// Jest Snapshot v1, https://goo.gl/fbAQLP

exports[`Sidebar component should match snapshot 1`] = `undefined`;
