// Jest Snapshot v1, https://goo.gl/fbAQLP

exports[`Pagination render should match snapshot 1`] = `
<div>
  <div
    class="w-full flex justify-between mt-6"
  >
    <div
      class="flex items-center"
    >
      <p
        class="text-md"
      >
        1 - 0 of 0 Leaves
      </p>
    </div>
    <div
      class="flex items-center gap-10"
    >
      <div
        class="flex items-center gap-3 text-md"
      >
        <p>
          Rows per page:
        </p>
        <button
          aria-autocomplete="none"
          aria-controls="radix-:r0:"
          aria-expanded="false"
          aria-label="Select"
          class="font-productsans flex h-full items-center justify-between px-3 py-2 text-lg ring-offset-background data-[placeholder]:text-gray-soft focus:outline-none disabled:cursor-not-allowed disabled:opacity-50 [&>span]:line-clamp-1 bg-white border border-gray-dark rounded-md w-fit"
          data-state="closed"
          dir="ltr"
          role="combobox"
          type="button"
        >
          <span
            style="pointer-events: none;"
          >
            5
          </span>
          <svg
            aria-hidden="true"
            class="lucide lucide-chevron-down h-4 w-4 opacity-50"
            fill="none"
            height="24"
            stroke="currentColor"
            stroke-linecap="round"
            stroke-linejoin="round"
            stroke-width="2"
            viewBox="0 0 24 24"
            width="24"
            xmlns="http://www.w3.org/2000/svg"
          >
            <path
              d="m6 9 6 6 6-6"
            />
          </svg>
        </button>
      </div>
      <div
        class="flex items-center gap-2"
      >
        <button
          class="font-productsans inline-flex items-center justify-center whitespace-nowrap text-lg font-bold ring-offset-background transition-all duration-300 ease-in-out outline-none focus-visible:outline-none disabled:opacity-50 disabled:cursor-not-allowed hover:bg-accent hover:text-accent-foreground bg-primary rounded-md w-7 h-7 p-0"
          disabled=""
          title="prev-button"
        >
          <svg
            class="lucide lucide-move-left text-white w-4 h-4"
            fill="none"
            height="24"
            stroke="currentColor"
            stroke-linecap="round"
            stroke-linejoin="round"
            stroke-width="2"
            viewBox="0 0 24 24"
            width="24"
            xmlns="http://www.w3.org/2000/svg"
          >
            <path
              d="M6 8L2 12L6 16"
            />
            <path
              d="M2 12H22"
            />
          </svg>
        </button>
        <button
          class="font-productsans inline-flex items-center justify-center whitespace-nowrap text-lg font-bold ring-offset-background transition-all duration-300 ease-in-out outline-none focus-visible:outline-none disabled:opacity-50 disabled:cursor-not-allowed hover:bg-accent hover:text-accent-foreground bg-primary rounded-md w-7 h-7 p-0"
          disabled=""
          title="next-button"
        >
          <svg
            class="lucide lucide-move-right text-white w-4 h-4"
            fill="none"
            height="24"
            stroke="currentColor"
            stroke-linecap="round"
            stroke-linejoin="round"
            stroke-width="2"
            viewBox="0 0 24 24"
            width="24"
            xmlns="http://www.w3.org/2000/svg"
          >
            <path
              d="M18 8L22 12L18 16"
            />
            <path
              d="M2 12H22"
            />
          </svg>
        </button>
      </div>
    </div>
  </div>
</div>
`;
