// Jest Snapshot v1, https://goo.gl/fbAQLP

exports[`Navbar component should match snapshot 1`] = `undefined`;
