// Jest Snapshot v1, https://goo.gl/fbAQLP

exports[`AdminLeaveRecall should render successfully 1`] = `
<div>
  <div
    class="bg-white p-12 mt-8 rounded-3xl"
  >
    <div>
      <h2
        class="text-xl font-bold mb-5"
      >
        Ongoing Leave Applications
      </h2>
      <div
        class="relative w-full overflow-auto"
      >
        <table
          class="w-full caption-bottom text-sm"
        >
          <thead
            class="text-lg font-bold"
          >
            <tr
              class="transition-colors hover:bg-muted/50 data-[state=selected]:bg-muted bg-blue-light"
            >
              <td
                class="p-2 align-middle [&:has([role=checkbox])]:pr-0 [&>[role=checkbox]]:translate-y-[2px] py-6 text-center"
              >
                Name(s)
              </td>
              <td
                class="p-2 align-middle [&:has([role=checkbox])]:pr-0 [&>[role=checkbox]]:translate-y-[2px] py-6 text-center"
              >
                Duration(s)
              </td>
              <td
                class="p-2 align-middle [&:has([role=checkbox])]:pr-0 [&>[role=checkbox]]:translate-y-[2px] py-6 text-center"
              >
                Start Date
              </td>
              <td
                class="p-2 align-middle [&:has([role=checkbox])]:pr-0 [&>[role=checkbox]]:translate-y-[2px] py-6 text-center"
              >
                End Date
              </td>
              <td
                class="p-2 align-middle [&:has([role=checkbox])]:pr-0 [&>[role=checkbox]]:translate-y-[2px] py-6 text-center"
              >
                Type
              </td>
              <td
                class="p-2 align-middle [&:has([role=checkbox])]:pr-0 [&>[role=checkbox]]:translate-y-[2px] py-6 text-center"
              >
                Status
              </td>
              <td
                class="p-2 align-middle [&:has([role=checkbox])]:pr-0 [&>[role=checkbox]]:translate-y-[2px] py-6 text-center"
              >
                Recall Status
              </td>
              <td
                class="p-2 align-middle [&:has([role=checkbox])]:pr-0 [&>[role=checkbox]]:translate-y-[2px] py-6 text-center"
              >
                Actions
              </td>
            </tr>
          </thead>
          <tbody
            class="[&_tr:last-child]:border-0 text-lg"
          >
            <tr
              class="transition-colors hover:bg-muted/50 data-[state=selected]:bg-muted px-5 bg-white"
            >
              <td
                class="p-2 align-middle [&:has([role=checkbox])]:pr-0 [&>[role=checkbox]]:translate-y-[2px] py-6 text-center"
              >
                John Caster
              </td>
              <td
                class="p-2 align-middle [&:has([role=checkbox])]:pr-0 [&>[role=checkbox]]:translate-y-[2px] py-6 text-center"
              >
                5
              </td>
              <td
                class="p-2 align-middle [&:has([role=checkbox])]:pr-0 [&>[role=checkbox]]:translate-y-[2px] py-6 text-center"
              >
                2025-03-31
              </td>
              <td
                class="p-2 align-middle [&:has([role=checkbox])]:pr-0 [&>[role=checkbox]]:translate-y-[2px] py-6 text-center"
              >
                2025-04-30
              </td>
              <td
                class="p-2 align-middle [&:has([role=checkbox])]:pr-0 [&>[role=checkbox]]:translate-y-[2px] py-6 text-center"
              >
                Sick
              </td>
              <td
                class="p-2 align-middle [&:has([role=checkbox])]:pr-0 [&>[role=checkbox]]:translate-y-[2px] py-6 text-center"
              >
                <div
                  class="flex items-center justify-center"
                >
                  <div
                    class="flex items-center w-28 justify-center gap-1 px-2.5 py-1 rounded-full border text-white bg-gray-500"
                  >
                    <span
                      class="text-base font-bold capitalize"
                    >
                      Pending
                    </span>
                  </div>
                </div>
              </td>
              <td
                class="p-2 align-middle [&:has([role=checkbox])]:pr-0 [&>[role=checkbox]]:translate-y-[2px] py-6 text-center"
              >
                <div
                  class="flex items-center justify-center"
                >
                  <div
                    class="flex items-center w-28 justify-center gap-1 px-2.5 py-1 rounded-full border text-white bg-gray-500"
                  >
                    <span
                      class="text-base font-bold capitalize"
                    >
                      Pending
                    </span>
                  </div>
                </div>
              </td>
              <td
                class="p-2 align-middle [&:has([role=checkbox])]:pr-0 [&>[role=checkbox]]:translate-y-[2px] py-6 text-center"
              >
                <button
                  class="font-productsans inline-flex items-center justify-center whitespace-nowrap text-lg font-bold ring-offset-background transition-all duration-300 ease-in-out outline-none focus-visible:outline-none disabled:opacity-50 disabled:cursor-not-allowed text-white disabled:hover:bg-primary py-6 w-[154px] h-14 shadow-md bg-red-primary rounded-md"
                  title="Recall"
                >
                  Recall
                </button>
              </td>
            </tr>
            <tr
              class="transition-colors hover:bg-muted/50 data-[state=selected]:bg-muted px-5 bg-blue-light"
            >
              <td
                class="p-2 align-middle [&:has([role=checkbox])]:pr-0 [&>[role=checkbox]]:translate-y-[2px] py-6 text-center"
              >
                loc vo thanh
              </td>
              <td
                class="p-2 align-middle [&:has([role=checkbox])]:pr-0 [&>[role=checkbox]]:translate-y-[2px] py-6 text-center"
              >
                1
              </td>
              <td
                class="p-2 align-middle [&:has([role=checkbox])]:pr-0 [&>[role=checkbox]]:translate-y-[2px] py-6 text-center"
              >
                2025-04-16
              </td>
              <td
                class="p-2 align-middle [&:has([role=checkbox])]:pr-0 [&>[role=checkbox]]:translate-y-[2px] py-6 text-center"
              >
                2025-04-30
              </td>
              <td
                class="p-2 align-middle [&:has([role=checkbox])]:pr-0 [&>[role=checkbox]]:translate-y-[2px] py-6 text-center"
              >
                Annual
              </td>
              <td
                class="p-2 align-middle [&:has([role=checkbox])]:pr-0 [&>[role=checkbox]]:translate-y-[2px] py-6 text-center"
              >
                <div
                  class="flex items-center justify-center"
                >
                  <div
                    class="flex items-center w-28 justify-center gap-1 px-2.5 py-1 rounded-full border text-white bg-green-primary"
                  >
                    <svg
                      class="lucide lucide-check"
                      fill="none"
                      height="18"
                      stroke="currentColor"
                      stroke-linecap="round"
                      stroke-linejoin="round"
                      stroke-width="2"
                      viewBox="0 0 24 24"
                      width="18"
                      xmlns="http://www.w3.org/2000/svg"
                    >
                      <path
                        d="M20 6 9 17l-5-5"
                      />
                    </svg>
                    <span
                      class="text-base font-bold capitalize"
                    >
                      Approved
                    </span>
                  </div>
                </div>
              </td>
              <td
                class="p-2 align-middle [&:has([role=checkbox])]:pr-0 [&>[role=checkbox]]:translate-y-[2px] py-6 text-center"
              >
                <div
                  class="flex items-center justify-center"
                >
                  <div
                    class="flex items-center w-28 justify-center gap-1 px-2.5 py-1 rounded-full border text-white bg-green-primary"
                  >
                    <svg
                      class="lucide lucide-check"
                      fill="none"
                      height="18"
                      stroke="currentColor"
                      stroke-linecap="round"
                      stroke-linejoin="round"
                      stroke-width="2"
                      viewBox="0 0 24 24"
                      width="18"
                      xmlns="http://www.w3.org/2000/svg"
                    >
                      <path
                        d="M20 6 9 17l-5-5"
                      />
                    </svg>
                    <span
                      class="text-base font-bold capitalize"
                    >
                      Approved
                    </span>
                  </div>
                </div>
              </td>
              <td
                class="p-2 align-middle [&:has([role=checkbox])]:pr-0 [&>[role=checkbox]]:translate-y-[2px] py-6 text-center"
              >
                <button
                  class="font-productsans inline-flex items-center justify-center whitespace-nowrap text-lg font-bold ring-offset-background transition-all duration-300 ease-in-out outline-none focus-visible:outline-none disabled:opacity-50 disabled:cursor-not-allowed text-white disabled:hover:bg-primary py-6 w-[154px] h-14 shadow-md bg-red-primary rounded-md"
                  disabled=""
                  title="Recall"
                >
                  Recall
                </button>
              </td>
            </tr>
            <tr
              class="transition-colors hover:bg-muted/50 data-[state=selected]:bg-muted px-5 bg-white"
            >
              <td
                class="p-2 align-middle [&:has([role=checkbox])]:pr-0 [&>[role=checkbox]]:translate-y-[2px] py-6 text-center"
              >
                loc vo thanh
              </td>
              <td
                class="p-2 align-middle [&:has([role=checkbox])]:pr-0 [&>[role=checkbox]]:translate-y-[2px] py-6 text-center"
              >
                14
              </td>
              <td
                class="p-2 align-middle [&:has([role=checkbox])]:pr-0 [&>[role=checkbox]]:translate-y-[2px] py-6 text-center"
              >
                2025-04-16
              </td>
              <td
                class="p-2 align-middle [&:has([role=checkbox])]:pr-0 [&>[role=checkbox]]:translate-y-[2px] py-6 text-center"
              >
                2025-04-30
              </td>
              <td
                class="p-2 align-middle [&:has([role=checkbox])]:pr-0 [&>[role=checkbox]]:translate-y-[2px] py-6 text-center"
              >
                Sick
              </td>
              <td
                class="p-2 align-middle [&:has([role=checkbox])]:pr-0 [&>[role=checkbox]]:translate-y-[2px] py-6 text-center"
              >
                <div
                  class="flex items-center justify-center"
                >
                  <div
                    class="flex items-center w-28 justify-center gap-1 px-2.5 py-1 rounded-full border text-white bg-green-primary"
                  >
                    <svg
                      class="lucide lucide-check"
                      fill="none"
                      height="18"
                      stroke="currentColor"
                      stroke-linecap="round"
                      stroke-linejoin="round"
                      stroke-width="2"
                      viewBox="0 0 24 24"
                      width="18"
                      xmlns="http://www.w3.org/2000/svg"
                    >
                      <path
                        d="M20 6 9 17l-5-5"
                      />
                    </svg>
                    <span
                      class="text-base font-bold capitalize"
                    >
                      Approved
                    </span>
                  </div>
                </div>
              </td>
              <td
                class="p-2 align-middle [&:has([role=checkbox])]:pr-0 [&>[role=checkbox]]:translate-y-[2px] py-6 text-center"
              >
                <div
                  class="flex items-center justify-center"
                >
                  <div
                    class="flex items-center w-28 justify-center gap-1 px-2.5 py-1 rounded-full border text-white bg-red-deep"
                  >
                    <svg
                      class="lucide lucide-x"
                      fill="none"
                      height="18"
                      stroke="currentColor"
                      stroke-linecap="round"
                      stroke-linejoin="round"
                      stroke-width="2"
                      viewBox="0 0 24 24"
                      width="18"
                      xmlns="http://www.w3.org/2000/svg"
                    >
                      <path
                        d="M18 6 6 18"
                      />
                      <path
                        d="m6 6 12 12"
                      />
                    </svg>
                    <span
                      class="text-base font-bold capitalize"
                    >
                      Rejected
                    </span>
                  </div>
                </div>
              </td>
              <td
                class="p-2 align-middle [&:has([role=checkbox])]:pr-0 [&>[role=checkbox]]:translate-y-[2px] py-6 text-center"
              >
                <button
                  class="font-productsans inline-flex items-center justify-center whitespace-nowrap text-lg font-bold ring-offset-background transition-all duration-300 ease-in-out outline-none focus-visible:outline-none disabled:opacity-50 disabled:cursor-not-allowed text-white disabled:hover:bg-primary py-6 h-14 shadow-md w-14 rounded-full bg-transparent"
                  title="Recall"
                >
                  <svg
                    class="lucide lucide-eye text-red-primary"
                    fill="none"
                    height="24"
                    stroke="currentColor"
                    stroke-linecap="round"
                    stroke-linejoin="round"
                    stroke-width="2"
                    viewBox="0 0 24 24"
                    width="24"
                    xmlns="http://www.w3.org/2000/svg"
                  >
                    <path
                      d="M2.062 12.348a1 1 0 0 1 0-.696 10.75 10.75 0 0 1 19.876 0 1 1 0 0 1 0 .696 10.75 10.75 0 0 1-19.876 0"
                    />
                    <circle
                      cx="12"
                      cy="12"
                      r="3"
                    />
                  </svg>
                </button>
              </td>
            </tr>
          </tbody>
        </table>
      </div>
      <div
        class="w-full flex justify-between mt-6"
      >
        <div
          class="flex items-center"
        >
          <p
            class="text-md"
          >
            1 - 3 of 3 Leaves
          </p>
        </div>
        <div
          class="flex items-center gap-10"
        >
          <div
            class="flex items-center gap-3 text-md"
          >
            <p>
              Rows per page:
            </p>
            <button
              aria-autocomplete="none"
              aria-controls="radix-:r0:"
              aria-expanded="false"
              class="font-productsans flex h-full items-center justify-between px-3 py-2 text-lg ring-offset-background data-[placeholder]:text-gray-soft focus:outline-none disabled:cursor-not-allowed disabled:opacity-50 [&>span]:line-clamp-1 bg-white border border-gray-dark rounded-md w-fit"
              data-state="closed"
              dir="ltr"
              role="combobox"
              type="button"
            >
              <span
                style="pointer-events: none;"
              >
                10
              </span>
              <svg
                aria-hidden="true"
                class="lucide lucide-chevron-down h-4 w-4 opacity-50"
                fill="none"
                height="24"
                stroke="currentColor"
                stroke-linecap="round"
                stroke-linejoin="round"
                stroke-width="2"
                viewBox="0 0 24 24"
                width="24"
                xmlns="http://www.w3.org/2000/svg"
              >
                <path
                  d="m6 9 6 6 6-6"
                />
              </svg>
            </button>
          </div>
          <div
            class="flex items-center gap-2"
          >
            <button
              class="font-productsans inline-flex items-center justify-center whitespace-nowrap text-lg font-bold ring-offset-background transition-all duration-300 ease-in-out outline-none focus-visible:outline-none disabled:opacity-50 disabled:cursor-not-allowed hover:bg-accent hover:text-accent-foreground bg-primary rounded-md w-7 h-7 p-0"
              title="prev-button"
            >
              <svg
                class="lucide lucide-move-left text-white w-4 h-4"
                fill="none"
                height="24"
                stroke="currentColor"
                stroke-linecap="round"
                stroke-linejoin="round"
                stroke-width="2"
                viewBox="0 0 24 24"
                width="24"
                xmlns="http://www.w3.org/2000/svg"
              >
                <path
                  d="M6 8L2 12L6 16"
                />
                <path
                  d="M2 12H22"
                />
              </svg>
            </button>
            <button
              class="font-productsans inline-flex items-center justify-center whitespace-nowrap text-lg font-bold ring-offset-background transition-all duration-300 ease-in-out outline-none focus-visible:outline-none disabled:opacity-50 disabled:cursor-not-allowed hover:bg-accent hover:text-accent-foreground bg-primary rounded-md w-7 h-7 p-0"
              title="next-button"
            >
              <svg
                class="lucide lucide-move-right text-white w-4 h-4"
                fill="none"
                height="24"
                stroke="currentColor"
                stroke-linecap="round"
                stroke-linejoin="round"
                stroke-width="2"
                viewBox="0 0 24 24"
                width="24"
                xmlns="http://www.w3.org/2000/svg"
              >
                <path
                  d="M18 8L22 12L18 16"
                />
                <path
                  d="M2 12H22"
                />
              </svg>
            </button>
          </div>
        </div>
      </div>
    </div>
  </div>
</div>
`;
