// Jest Snapshot v1, https://goo.gl/fbAQLP

exports[`Calendar component should match snapshot 1`] = `
<DocumentFragment>
  <div
    class="rdp p-3"
  >
    <div
      class="flex flex-col sm:flex-row space-y-4 sm:space-x-4 sm:space-y-0"
    >
      <div
        class="space-y-4 rdp-caption_start rdp-caption_end"
      >
        <div
          class="flex justify-center pt-1 relative items-center"
        >
          <div
            aria-live="polite"
            class="text-sm font-medium"
            id="react-day-picker-1"
            role="presentation"
          >
            April 2025
          </div>
          <div
            class="space-x-1 flex items-center"
          >
            <button
              aria-label="Go to previous month"
              class="rdp-button_reset rdp-button font-productsans inline-flex items-center justify-center whitespace-nowrap rounded-[14px] text-lg font-bold ring-offset-background transition-all duration-300 ease-in-out outline-none focus-visible:outline-none disabled:opacity-50 disabled:cursor-not-allowed hover:bg-accent hover:text-accent-foreground h-7 w-7 bg-transparent p-0 opacity-50 hover:opacity-100 absolute left-1 hover:bg-gray-neutral"
              name="previous-month"
              type="button"
            >
              <svg
                class="lucide lucide-chevron-left h-4 w-4 rdp-nav_icon"
                fill="none"
                height="24"
                stroke="currentColor"
                stroke-linecap="round"
                stroke-linejoin="round"
                stroke-width="2"
                viewBox="0 0 24 24"
                width="24"
                xmlns="http://www.w3.org/2000/svg"
              >
                <path
                  d="m15 18-6-6 6-6"
                />
              </svg>
            </button>
            <button
              aria-label="Go to next month"
              class="rdp-button_reset rdp-button font-productsans inline-flex items-center justify-center whitespace-nowrap rounded-[14px] text-lg font-bold ring-offset-background transition-all duration-300 ease-in-out outline-none focus-visible:outline-none disabled:opacity-50 disabled:cursor-not-allowed hover:bg-accent hover:text-accent-foreground h-7 w-7 bg-transparent p-0 opacity-50 hover:opacity-100 absolute right-1 hover:bg-gray-neutral"
              name="next-month"
              type="button"
            >
              <svg
                class="lucide lucide-chevron-right h-4 w-4 rdp-nav_icon"
                fill="none"
                height="24"
                stroke="currentColor"
                stroke-linecap="round"
                stroke-linejoin="round"
                stroke-width="2"
                viewBox="0 0 24 24"
                width="24"
                xmlns="http://www.w3.org/2000/svg"
              >
                <path
                  d="m9 18 6-6-6-6"
                />
              </svg>
            </button>
          </div>
        </div>
        <table
          aria-labelledby="react-day-picker-1"
          class="w-full border-collapse space-y-1"
          role="grid"
        >
          <thead
            class="rdp-head"
          >
            <tr
              class="flex"
            >
              <th
                aria-label="Sunday"
                class="text-muted-foreground rounded-md w-9 font-normal text-[0.8rem]"
                scope="col"
              >
                Su
              </th>
              <th
                aria-label="Monday"
                class="text-muted-foreground rounded-md w-9 font-normal text-[0.8rem]"
                scope="col"
              >
                Mo
              </th>
              <th
                aria-label="Tuesday"
                class="text-muted-foreground rounded-md w-9 font-normal text-[0.8rem]"
                scope="col"
              >
                Tu
              </th>
              <th
                aria-label="Wednesday"
                class="text-muted-foreground rounded-md w-9 font-normal text-[0.8rem]"
                scope="col"
              >
                We
              </th>
              <th
                aria-label="Thursday"
                class="text-muted-foreground rounded-md w-9 font-normal text-[0.8rem]"
                scope="col"
              >
                Th
              </th>
              <th
                aria-label="Friday"
                class="text-muted-foreground rounded-md w-9 font-normal text-[0.8rem]"
                scope="col"
              >
                Fr
              </th>
              <th
                aria-label="Saturday"
                class="text-muted-foreground rounded-md w-9 font-normal text-[0.8rem]"
                scope="col"
              >
                Sa
              </th>
            </tr>
          </thead>
          <tbody
            class="rdp-tbody"
          >
            <tr
              class="flex w-full mt-2"
            >
              <td
                class="h-9 w-9 text-center text-sm p-0 relative [&:has([aria-selected].day-range-end)]:rounded-r-md [&:has([aria-selected].day-outside)]:bg-accent/50 [&:has([aria-selected])]:bg-accent first:[&:has([aria-selected])]:rounded-l-md last:[&:has([aria-selected])]:rounded-r-md focus-within:relative focus-within:z-20"
                role="presentation"
              >
                <div
                  class="font-productsans inline-flex items-center justify-center whitespace-nowrap rounded-[14px] text-lg ring-offset-background transition-all duration-300 ease-in-out outline-none focus-visible:outline-none disabled:opacity-50 disabled:cursor-not-allowed hover:text-accent-foreground h-9 w-9 p-0 font-normal aria-selected:opacity-100 hover:bg-gray-neutral day-outside text-muted-foreground aria-selected:bg-accent/50 aria-selected:text-muted-foreground"
                  role="gridcell"
                >
                  30
                </div>
              </td>
              <td
                class="h-9 w-9 text-center text-sm p-0 relative [&:has([aria-selected].day-range-end)]:rounded-r-md [&:has([aria-selected].day-outside)]:bg-accent/50 [&:has([aria-selected])]:bg-accent first:[&:has([aria-selected])]:rounded-l-md last:[&:has([aria-selected])]:rounded-r-md focus-within:relative focus-within:z-20"
                role="presentation"
              >
                <div
                  class="font-productsans inline-flex items-center justify-center whitespace-nowrap rounded-[14px] text-lg ring-offset-background transition-all duration-300 ease-in-out outline-none focus-visible:outline-none disabled:opacity-50 disabled:cursor-not-allowed hover:text-accent-foreground h-9 w-9 p-0 font-normal aria-selected:opacity-100 hover:bg-gray-neutral day-outside text-muted-foreground aria-selected:bg-accent/50 aria-selected:text-muted-foreground"
                  role="gridcell"
                >
                  31
                </div>
              </td>
              <td
                class="h-9 w-9 text-center text-sm p-0 relative [&:has([aria-selected].day-range-end)]:rounded-r-md [&:has([aria-selected].day-outside)]:bg-accent/50 [&:has([aria-selected])]:bg-accent first:[&:has([aria-selected])]:rounded-l-md last:[&:has([aria-selected])]:rounded-r-md focus-within:relative focus-within:z-20"
                role="presentation"
              >
                <div
                  class="font-productsans inline-flex items-center justify-center whitespace-nowrap rounded-[14px] text-lg ring-offset-background transition-all duration-300 ease-in-out outline-none focus-visible:outline-none disabled:opacity-50 disabled:cursor-not-allowed hover:text-accent-foreground h-9 w-9 p-0 font-normal aria-selected:opacity-100 hover:bg-gray-neutral"
                  role="gridcell"
                >
                  1
                </div>
              </td>
              <td
                class="h-9 w-9 text-center text-sm p-0 relative [&:has([aria-selected].day-range-end)]:rounded-r-md [&:has([aria-selected].day-outside)]:bg-accent/50 [&:has([aria-selected])]:bg-accent first:[&:has([aria-selected])]:rounded-l-md last:[&:has([aria-selected])]:rounded-r-md focus-within:relative focus-within:z-20"
                role="presentation"
              >
                <div
                  class="font-productsans inline-flex items-center justify-center whitespace-nowrap rounded-[14px] text-lg ring-offset-background transition-all duration-300 ease-in-out outline-none focus-visible:outline-none disabled:opacity-50 disabled:cursor-not-allowed hover:text-accent-foreground h-9 w-9 p-0 font-normal aria-selected:opacity-100 hover:bg-gray-neutral"
                  role="gridcell"
                >
                  2
                </div>
              </td>
              <td
                class="h-9 w-9 text-center text-sm p-0 relative [&:has([aria-selected].day-range-end)]:rounded-r-md [&:has([aria-selected].day-outside)]:bg-accent/50 [&:has([aria-selected])]:bg-accent first:[&:has([aria-selected])]:rounded-l-md last:[&:has([aria-selected])]:rounded-r-md focus-within:relative focus-within:z-20"
                role="presentation"
              >
                <div
                  class="font-productsans inline-flex items-center justify-center whitespace-nowrap rounded-[14px] text-lg ring-offset-background transition-all duration-300 ease-in-out outline-none focus-visible:outline-none disabled:opacity-50 disabled:cursor-not-allowed hover:text-accent-foreground h-9 w-9 p-0 font-normal aria-selected:opacity-100 hover:bg-gray-neutral"
                  role="gridcell"
                >
                  3
                </div>
              </td>
              <td
                class="h-9 w-9 text-center text-sm p-0 relative [&:has([aria-selected].day-range-end)]:rounded-r-md [&:has([aria-selected].day-outside)]:bg-accent/50 [&:has([aria-selected])]:bg-accent first:[&:has([aria-selected])]:rounded-l-md last:[&:has([aria-selected])]:rounded-r-md focus-within:relative focus-within:z-20"
                role="presentation"
              >
                <div
                  class="font-productsans inline-flex items-center justify-center whitespace-nowrap rounded-[14px] text-lg ring-offset-background transition-all duration-300 ease-in-out outline-none focus-visible:outline-none disabled:opacity-50 disabled:cursor-not-allowed hover:text-accent-foreground h-9 w-9 p-0 font-normal aria-selected:opacity-100 hover:bg-gray-neutral"
                  role="gridcell"
                >
                  4
                </div>
              </td>
              <td
                class="h-9 w-9 text-center text-sm p-0 relative [&:has([aria-selected].day-range-end)]:rounded-r-md [&:has([aria-selected].day-outside)]:bg-accent/50 [&:has([aria-selected])]:bg-accent first:[&:has([aria-selected])]:rounded-l-md last:[&:has([aria-selected])]:rounded-r-md focus-within:relative focus-within:z-20"
                role="presentation"
              >
                <div
                  class="font-productsans inline-flex items-center justify-center whitespace-nowrap rounded-[14px] text-lg ring-offset-background transition-all duration-300 ease-in-out outline-none focus-visible:outline-none disabled:opacity-50 disabled:cursor-not-allowed hover:text-accent-foreground h-9 w-9 p-0 font-normal aria-selected:opacity-100 hover:bg-gray-neutral"
                  role="gridcell"
                >
                  5
                </div>
              </td>
            </tr>
            <tr
              class="flex w-full mt-2"
            >
              <td
                class="h-9 w-9 text-center text-sm p-0 relative [&:has([aria-selected].day-range-end)]:rounded-r-md [&:has([aria-selected].day-outside)]:bg-accent/50 [&:has([aria-selected])]:bg-accent first:[&:has([aria-selected])]:rounded-l-md last:[&:has([aria-selected])]:rounded-r-md focus-within:relative focus-within:z-20"
                role="presentation"
              >
                <div
                  class="font-productsans inline-flex items-center justify-center whitespace-nowrap rounded-[14px] text-lg ring-offset-background transition-all duration-300 ease-in-out outline-none focus-visible:outline-none disabled:opacity-50 disabled:cursor-not-allowed hover:text-accent-foreground h-9 w-9 p-0 font-normal aria-selected:opacity-100 hover:bg-gray-neutral"
                  role="gridcell"
                >
                  6
                </div>
              </td>
              <td
                class="h-9 w-9 text-center text-sm p-0 relative [&:has([aria-selected].day-range-end)]:rounded-r-md [&:has([aria-selected].day-outside)]:bg-accent/50 [&:has([aria-selected])]:bg-accent first:[&:has([aria-selected])]:rounded-l-md last:[&:has([aria-selected])]:rounded-r-md focus-within:relative focus-within:z-20"
                role="presentation"
              >
                <div
                  class="font-productsans inline-flex items-center justify-center whitespace-nowrap rounded-[14px] text-lg ring-offset-background transition-all duration-300 ease-in-out outline-none focus-visible:outline-none disabled:opacity-50 disabled:cursor-not-allowed hover:text-accent-foreground h-9 w-9 p-0 font-normal aria-selected:opacity-100 hover:bg-gray-neutral"
                  role="gridcell"
                >
                  7
                </div>
              </td>
              <td
                class="h-9 w-9 text-center text-sm p-0 relative [&:has([aria-selected].day-range-end)]:rounded-r-md [&:has([aria-selected].day-outside)]:bg-accent/50 [&:has([aria-selected])]:bg-accent first:[&:has([aria-selected])]:rounded-l-md last:[&:has([aria-selected])]:rounded-r-md focus-within:relative focus-within:z-20"
                role="presentation"
              >
                <div
                  class="font-productsans inline-flex items-center justify-center whitespace-nowrap rounded-[14px] text-lg ring-offset-background transition-all duration-300 ease-in-out outline-none focus-visible:outline-none disabled:opacity-50 disabled:cursor-not-allowed hover:text-accent-foreground h-9 w-9 p-0 font-normal aria-selected:opacity-100 hover:bg-gray-neutral"
                  role="gridcell"
                >
                  8
                </div>
              </td>
              <td
                class="h-9 w-9 text-center text-sm p-0 relative [&:has([aria-selected].day-range-end)]:rounded-r-md [&:has([aria-selected].day-outside)]:bg-accent/50 [&:has([aria-selected])]:bg-accent first:[&:has([aria-selected])]:rounded-l-md last:[&:has([aria-selected])]:rounded-r-md focus-within:relative focus-within:z-20"
                role="presentation"
              >
                <div
                  class="font-productsans inline-flex items-center justify-center whitespace-nowrap rounded-[14px] text-lg ring-offset-background transition-all duration-300 ease-in-out outline-none focus-visible:outline-none disabled:opacity-50 disabled:cursor-not-allowed hover:text-accent-foreground h-9 w-9 p-0 font-normal aria-selected:opacity-100 hover:bg-gray-neutral"
                  role="gridcell"
                >
                  9
                </div>
              </td>
              <td
                class="h-9 w-9 text-center text-sm p-0 relative [&:has([aria-selected].day-range-end)]:rounded-r-md [&:has([aria-selected].day-outside)]:bg-accent/50 [&:has([aria-selected])]:bg-accent first:[&:has([aria-selected])]:rounded-l-md last:[&:has([aria-selected])]:rounded-r-md focus-within:relative focus-within:z-20"
                role="presentation"
              >
                <div
                  class="font-productsans inline-flex items-center justify-center whitespace-nowrap rounded-[14px] text-lg ring-offset-background transition-all duration-300 ease-in-out outline-none focus-visible:outline-none disabled:opacity-50 disabled:cursor-not-allowed hover:text-accent-foreground h-9 w-9 p-0 font-normal aria-selected:opacity-100 hover:bg-gray-neutral"
                  role="gridcell"
                >
                  10
                </div>
              </td>
              <td
                class="h-9 w-9 text-center text-sm p-0 relative [&:has([aria-selected].day-range-end)]:rounded-r-md [&:has([aria-selected].day-outside)]:bg-accent/50 [&:has([aria-selected])]:bg-accent first:[&:has([aria-selected])]:rounded-l-md last:[&:has([aria-selected])]:rounded-r-md focus-within:relative focus-within:z-20"
                role="presentation"
              >
                <div
                  class="font-productsans inline-flex items-center justify-center whitespace-nowrap rounded-[14px] text-lg ring-offset-background transition-all duration-300 ease-in-out outline-none focus-visible:outline-none disabled:opacity-50 disabled:cursor-not-allowed hover:text-accent-foreground h-9 w-9 p-0 font-normal aria-selected:opacity-100 hover:bg-gray-neutral"
                  role="gridcell"
                >
                  11
                </div>
              </td>
              <td
                class="h-9 w-9 text-center text-sm p-0 relative [&:has([aria-selected].day-range-end)]:rounded-r-md [&:has([aria-selected].day-outside)]:bg-accent/50 [&:has([aria-selected])]:bg-accent first:[&:has([aria-selected])]:rounded-l-md last:[&:has([aria-selected])]:rounded-r-md focus-within:relative focus-within:z-20"
                role="presentation"
              >
                <div
                  class="font-productsans inline-flex items-center justify-center whitespace-nowrap rounded-[14px] text-lg ring-offset-background transition-all duration-300 ease-in-out outline-none focus-visible:outline-none disabled:opacity-50 disabled:cursor-not-allowed hover:text-accent-foreground h-9 w-9 p-0 font-normal aria-selected:opacity-100 hover:bg-gray-neutral"
                  role="gridcell"
                >
                  12
                </div>
              </td>
            </tr>
            <tr
              class="flex w-full mt-2"
            >
              <td
                class="h-9 w-9 text-center text-sm p-0 relative [&:has([aria-selected].day-range-end)]:rounded-r-md [&:has([aria-selected].day-outside)]:bg-accent/50 [&:has([aria-selected])]:bg-accent first:[&:has([aria-selected])]:rounded-l-md last:[&:has([aria-selected])]:rounded-r-md focus-within:relative focus-within:z-20"
                role="presentation"
              >
                <div
                  class="font-productsans inline-flex items-center justify-center whitespace-nowrap rounded-[14px] text-lg ring-offset-background transition-all duration-300 ease-in-out outline-none focus-visible:outline-none disabled:opacity-50 disabled:cursor-not-allowed hover:text-accent-foreground h-9 w-9 p-0 font-normal aria-selected:opacity-100 hover:bg-gray-neutral"
                  role="gridcell"
                >
                  13
                </div>
              </td>
              <td
                class="h-9 w-9 text-center text-sm p-0 relative [&:has([aria-selected].day-range-end)]:rounded-r-md [&:has([aria-selected].day-outside)]:bg-accent/50 [&:has([aria-selected])]:bg-accent first:[&:has([aria-selected])]:rounded-l-md last:[&:has([aria-selected])]:rounded-r-md focus-within:relative focus-within:z-20"
                role="presentation"
              >
                <div
                  class="font-productsans inline-flex items-center justify-center whitespace-nowrap rounded-[14px] text-lg ring-offset-background transition-all duration-300 ease-in-out outline-none focus-visible:outline-none disabled:opacity-50 disabled:cursor-not-allowed hover:text-accent-foreground h-9 w-9 p-0 font-normal aria-selected:opacity-100 hover:bg-gray-neutral"
                  role="gridcell"
                >
                  14
                </div>
              </td>
              <td
                class="h-9 w-9 text-center text-sm p-0 relative [&:has([aria-selected].day-range-end)]:rounded-r-md [&:has([aria-selected].day-outside)]:bg-accent/50 [&:has([aria-selected])]:bg-accent first:[&:has([aria-selected])]:rounded-l-md last:[&:has([aria-selected])]:rounded-r-md focus-within:relative focus-within:z-20"
                role="presentation"
              >
                <div
                  class="font-productsans inline-flex items-center justify-center whitespace-nowrap rounded-[14px] text-lg ring-offset-background transition-all duration-300 ease-in-out outline-none focus-visible:outline-none disabled:opacity-50 disabled:cursor-not-allowed hover:text-accent-foreground h-9 w-9 p-0 font-normal aria-selected:opacity-100 hover:bg-gray-neutral"
                  role="gridcell"
                >
                  15
                </div>
              </td>
              <td
                class="h-9 w-9 text-center text-sm p-0 relative [&:has([aria-selected].day-range-end)]:rounded-r-md [&:has([aria-selected].day-outside)]:bg-accent/50 [&:has([aria-selected])]:bg-accent first:[&:has([aria-selected])]:rounded-l-md last:[&:has([aria-selected])]:rounded-r-md focus-within:relative focus-within:z-20"
                role="presentation"
              >
                <div
                  class="font-productsans inline-flex items-center justify-center whitespace-nowrap rounded-[14px] text-lg ring-offset-background transition-all duration-300 ease-in-out outline-none focus-visible:outline-none disabled:opacity-50 disabled:cursor-not-allowed hover:text-accent-foreground h-9 w-9 p-0 font-normal aria-selected:opacity-100 hover:bg-gray-neutral"
                  role="gridcell"
                >
                  16
                </div>
              </td>
              <td
                class="h-9 w-9 text-center text-sm p-0 relative [&:has([aria-selected].day-range-end)]:rounded-r-md [&:has([aria-selected].day-outside)]:bg-accent/50 [&:has([aria-selected])]:bg-accent first:[&:has([aria-selected])]:rounded-l-md last:[&:has([aria-selected])]:rounded-r-md focus-within:relative focus-within:z-20"
                role="presentation"
              >
                <div
                  class="font-productsans inline-flex items-center justify-center whitespace-nowrap rounded-[14px] text-lg ring-offset-background transition-all duration-300 ease-in-out outline-none focus-visible:outline-none disabled:opacity-50 disabled:cursor-not-allowed hover:text-accent-foreground h-9 w-9 p-0 font-normal aria-selected:opacity-100 hover:bg-gray-neutral"
                  role="gridcell"
                >
                  17
                </div>
              </td>
              <td
                class="h-9 w-9 text-center text-sm p-0 relative [&:has([aria-selected].day-range-end)]:rounded-r-md [&:has([aria-selected].day-outside)]:bg-accent/50 [&:has([aria-selected])]:bg-accent first:[&:has([aria-selected])]:rounded-l-md last:[&:has([aria-selected])]:rounded-r-md focus-within:relative focus-within:z-20"
                role="presentation"
              >
                <div
                  class="font-productsans inline-flex items-center justify-center whitespace-nowrap rounded-[14px] text-lg ring-offset-background transition-all duration-300 ease-in-out outline-none focus-visible:outline-none disabled:opacity-50 disabled:cursor-not-allowed hover:text-accent-foreground h-9 w-9 p-0 font-normal aria-selected:opacity-100 hover:bg-gray-neutral"
                  role="gridcell"
                >
                  18
                </div>
              </td>
              <td
                class="h-9 w-9 text-center text-sm p-0 relative [&:has([aria-selected].day-range-end)]:rounded-r-md [&:has([aria-selected].day-outside)]:bg-accent/50 [&:has([aria-selected])]:bg-accent first:[&:has([aria-selected])]:rounded-l-md last:[&:has([aria-selected])]:rounded-r-md focus-within:relative focus-within:z-20"
                role="presentation"
              >
                <div
                  class="font-productsans inline-flex items-center justify-center whitespace-nowrap rounded-[14px] text-lg ring-offset-background transition-all duration-300 ease-in-out outline-none focus-visible:outline-none disabled:opacity-50 disabled:cursor-not-allowed hover:text-accent-foreground h-9 w-9 p-0 font-normal aria-selected:opacity-100 hover:bg-gray-neutral"
                  role="gridcell"
                >
                  19
                </div>
              </td>
            </tr>
            <tr
              class="flex w-full mt-2"
            >
              <td
                class="h-9 w-9 text-center text-sm p-0 relative [&:has([aria-selected].day-range-end)]:rounded-r-md [&:has([aria-selected].day-outside)]:bg-accent/50 [&:has([aria-selected])]:bg-accent first:[&:has([aria-selected])]:rounded-l-md last:[&:has([aria-selected])]:rounded-r-md focus-within:relative focus-within:z-20"
                role="presentation"
              >
                <div
                  class="font-productsans inline-flex items-center justify-center whitespace-nowrap rounded-[14px] text-lg ring-offset-background transition-all duration-300 ease-in-out outline-none focus-visible:outline-none disabled:opacity-50 disabled:cursor-not-allowed hover:text-accent-foreground h-9 w-9 p-0 font-normal aria-selected:opacity-100 hover:bg-gray-neutral"
                  role="gridcell"
                >
                  20
                </div>
              </td>
              <td
                class="h-9 w-9 text-center text-sm p-0 relative [&:has([aria-selected].day-range-end)]:rounded-r-md [&:has([aria-selected].day-outside)]:bg-accent/50 [&:has([aria-selected])]:bg-accent first:[&:has([aria-selected])]:rounded-l-md last:[&:has([aria-selected])]:rounded-r-md focus-within:relative focus-within:z-20"
                role="presentation"
              >
                <div
                  class="font-productsans inline-flex items-center justify-center whitespace-nowrap rounded-[14px] text-lg ring-offset-background transition-all duration-300 ease-in-out outline-none focus-visible:outline-none disabled:opacity-50 disabled:cursor-not-allowed hover:text-accent-foreground h-9 w-9 p-0 font-normal aria-selected:opacity-100 hover:bg-gray-neutral"
                  role="gridcell"
                >
                  21
                </div>
              </td>
              <td
                class="h-9 w-9 text-center text-sm p-0 relative [&:has([aria-selected].day-range-end)]:rounded-r-md [&:has([aria-selected].day-outside)]:bg-accent/50 [&:has([aria-selected])]:bg-accent first:[&:has([aria-selected])]:rounded-l-md last:[&:has([aria-selected])]:rounded-r-md focus-within:relative focus-within:z-20"
                role="presentation"
              >
                <div
                  class="font-productsans inline-flex items-center justify-center whitespace-nowrap rounded-[14px] text-lg ring-offset-background transition-all duration-300 ease-in-out outline-none focus-visible:outline-none disabled:opacity-50 disabled:cursor-not-allowed hover:text-accent-foreground h-9 w-9 p-0 font-normal aria-selected:opacity-100 hover:bg-gray-neutral"
                  role="gridcell"
                >
                  22
                </div>
              </td>
              <td
                class="h-9 w-9 text-center text-sm p-0 relative [&:has([aria-selected].day-range-end)]:rounded-r-md [&:has([aria-selected].day-outside)]:bg-accent/50 [&:has([aria-selected])]:bg-accent first:[&:has([aria-selected])]:rounded-l-md last:[&:has([aria-selected])]:rounded-r-md focus-within:relative focus-within:z-20"
                role="presentation"
              >
                <div
                  class="font-productsans inline-flex items-center justify-center whitespace-nowrap rounded-[14px] text-lg ring-offset-background transition-all duration-300 ease-in-out outline-none focus-visible:outline-none disabled:opacity-50 disabled:cursor-not-allowed hover:text-accent-foreground h-9 w-9 p-0 font-normal aria-selected:opacity-100 hover:bg-gray-neutral bg-accent text-accent-foreground"
                  role="gridcell"
                >
                  23
                </div>
              </td>
              <td
                class="h-9 w-9 text-center text-sm p-0 relative [&:has([aria-selected].day-range-end)]:rounded-r-md [&:has([aria-selected].day-outside)]:bg-accent/50 [&:has([aria-selected])]:bg-accent first:[&:has([aria-selected])]:rounded-l-md last:[&:has([aria-selected])]:rounded-r-md focus-within:relative focus-within:z-20"
                role="presentation"
              >
                <div
                  class="font-productsans inline-flex items-center justify-center whitespace-nowrap rounded-[14px] text-lg ring-offset-background transition-all duration-300 ease-in-out outline-none focus-visible:outline-none disabled:opacity-50 disabled:cursor-not-allowed hover:text-accent-foreground h-9 w-9 p-0 font-normal aria-selected:opacity-100 hover:bg-gray-neutral"
                  role="gridcell"
                >
                  24
                </div>
              </td>
              <td
                class="h-9 w-9 text-center text-sm p-0 relative [&:has([aria-selected].day-range-end)]:rounded-r-md [&:has([aria-selected].day-outside)]:bg-accent/50 [&:has([aria-selected])]:bg-accent first:[&:has([aria-selected])]:rounded-l-md last:[&:has([aria-selected])]:rounded-r-md focus-within:relative focus-within:z-20"
                role="presentation"
              >
                <div
                  class="font-productsans inline-flex items-center justify-center whitespace-nowrap rounded-[14px] text-lg ring-offset-background transition-all duration-300 ease-in-out outline-none focus-visible:outline-none disabled:opacity-50 disabled:cursor-not-allowed hover:text-accent-foreground h-9 w-9 p-0 font-normal aria-selected:opacity-100 hover:bg-gray-neutral"
                  role="gridcell"
                >
                  25
                </div>
              </td>
              <td
                class="h-9 w-9 text-center text-sm p-0 relative [&:has([aria-selected].day-range-end)]:rounded-r-md [&:has([aria-selected].day-outside)]:bg-accent/50 [&:has([aria-selected])]:bg-accent first:[&:has([aria-selected])]:rounded-l-md last:[&:has([aria-selected])]:rounded-r-md focus-within:relative focus-within:z-20"
                role="presentation"
              >
                <div
                  class="font-productsans inline-flex items-center justify-center whitespace-nowrap rounded-[14px] text-lg ring-offset-background transition-all duration-300 ease-in-out outline-none focus-visible:outline-none disabled:opacity-50 disabled:cursor-not-allowed hover:text-accent-foreground h-9 w-9 p-0 font-normal aria-selected:opacity-100 hover:bg-gray-neutral"
                  role="gridcell"
                >
                  26
                </div>
              </td>
            </tr>
            <tr
              class="flex w-full mt-2"
            >
              <td
                class="h-9 w-9 text-center text-sm p-0 relative [&:has([aria-selected].day-range-end)]:rounded-r-md [&:has([aria-selected].day-outside)]:bg-accent/50 [&:has([aria-selected])]:bg-accent first:[&:has([aria-selected])]:rounded-l-md last:[&:has([aria-selected])]:rounded-r-md focus-within:relative focus-within:z-20"
                role="presentation"
              >
                <div
                  class="font-productsans inline-flex items-center justify-center whitespace-nowrap rounded-[14px] text-lg ring-offset-background transition-all duration-300 ease-in-out outline-none focus-visible:outline-none disabled:opacity-50 disabled:cursor-not-allowed hover:text-accent-foreground h-9 w-9 p-0 font-normal aria-selected:opacity-100 hover:bg-gray-neutral"
                  role="gridcell"
                >
                  27
                </div>
              </td>
              <td
                class="h-9 w-9 text-center text-sm p-0 relative [&:has([aria-selected].day-range-end)]:rounded-r-md [&:has([aria-selected].day-outside)]:bg-accent/50 [&:has([aria-selected])]:bg-accent first:[&:has([aria-selected])]:rounded-l-md last:[&:has([aria-selected])]:rounded-r-md focus-within:relative focus-within:z-20"
                role="presentation"
              >
                <div
                  class="font-productsans inline-flex items-center justify-center whitespace-nowrap rounded-[14px] text-lg ring-offset-background transition-all duration-300 ease-in-out outline-none focus-visible:outline-none disabled:opacity-50 disabled:cursor-not-allowed hover:text-accent-foreground h-9 w-9 p-0 font-normal aria-selected:opacity-100 hover:bg-gray-neutral"
                  role="gridcell"
                >
                  28
                </div>
              </td>
              <td
                class="h-9 w-9 text-center text-sm p-0 relative [&:has([aria-selected].day-range-end)]:rounded-r-md [&:has([aria-selected].day-outside)]:bg-accent/50 [&:has([aria-selected])]:bg-accent first:[&:has([aria-selected])]:rounded-l-md last:[&:has([aria-selected])]:rounded-r-md focus-within:relative focus-within:z-20"
                role="presentation"
              >
                <div
                  class="font-productsans inline-flex items-center justify-center whitespace-nowrap rounded-[14px] text-lg ring-offset-background transition-all duration-300 ease-in-out outline-none focus-visible:outline-none disabled:opacity-50 disabled:cursor-not-allowed hover:text-accent-foreground h-9 w-9 p-0 font-normal aria-selected:opacity-100 hover:bg-gray-neutral"
                  role="gridcell"
                >
                  29
                </div>
              </td>
              <td
                class="h-9 w-9 text-center text-sm p-0 relative [&:has([aria-selected].day-range-end)]:rounded-r-md [&:has([aria-selected].day-outside)]:bg-accent/50 [&:has([aria-selected])]:bg-accent first:[&:has([aria-selected])]:rounded-l-md last:[&:has([aria-selected])]:rounded-r-md focus-within:relative focus-within:z-20"
                role="presentation"
              >
                <div
                  class="font-productsans inline-flex items-center justify-center whitespace-nowrap rounded-[14px] text-lg ring-offset-background transition-all duration-300 ease-in-out outline-none focus-visible:outline-none disabled:opacity-50 disabled:cursor-not-allowed hover:text-accent-foreground h-9 w-9 p-0 font-normal aria-selected:opacity-100 hover:bg-gray-neutral"
                  role="gridcell"
                >
                  30
                </div>
              </td>
              <td
                class="h-9 w-9 text-center text-sm p-0 relative [&:has([aria-selected].day-range-end)]:rounded-r-md [&:has([aria-selected].day-outside)]:bg-accent/50 [&:has([aria-selected])]:bg-accent first:[&:has([aria-selected])]:rounded-l-md last:[&:has([aria-selected])]:rounded-r-md focus-within:relative focus-within:z-20"
                role="presentation"
              >
                <div
                  class="font-productsans inline-flex items-center justify-center whitespace-nowrap rounded-[14px] text-lg ring-offset-background transition-all duration-300 ease-in-out outline-none focus-visible:outline-none disabled:opacity-50 disabled:cursor-not-allowed hover:text-accent-foreground h-9 w-9 p-0 font-normal aria-selected:opacity-100 hover:bg-gray-neutral day-outside text-muted-foreground aria-selected:bg-accent/50 aria-selected:text-muted-foreground"
                  role="gridcell"
                >
                  1
                </div>
              </td>
              <td
                class="h-9 w-9 text-center text-sm p-0 relative [&:has([aria-selected].day-range-end)]:rounded-r-md [&:has([aria-selected].day-outside)]:bg-accent/50 [&:has([aria-selected])]:bg-accent first:[&:has([aria-selected])]:rounded-l-md last:[&:has([aria-selected])]:rounded-r-md focus-within:relative focus-within:z-20"
                role="presentation"
              >
                <div
                  class="font-productsans inline-flex items-center justify-center whitespace-nowrap rounded-[14px] text-lg ring-offset-background transition-all duration-300 ease-in-out outline-none focus-visible:outline-none disabled:opacity-50 disabled:cursor-not-allowed hover:text-accent-foreground h-9 w-9 p-0 font-normal aria-selected:opacity-100 hover:bg-gray-neutral day-outside text-muted-foreground aria-selected:bg-accent/50 aria-selected:text-muted-foreground"
                  role="gridcell"
                >
                  2
                </div>
              </td>
              <td
                class="h-9 w-9 text-center text-sm p-0 relative [&:has([aria-selected].day-range-end)]:rounded-r-md [&:has([aria-selected].day-outside)]:bg-accent/50 [&:has([aria-selected])]:bg-accent first:[&:has([aria-selected])]:rounded-l-md last:[&:has([aria-selected])]:rounded-r-md focus-within:relative focus-within:z-20"
                role="presentation"
              >
                <div
                  class="font-productsans inline-flex items-center justify-center whitespace-nowrap rounded-[14px] text-lg ring-offset-background transition-all duration-300 ease-in-out outline-none focus-visible:outline-none disabled:opacity-50 disabled:cursor-not-allowed hover:text-accent-foreground h-9 w-9 p-0 font-normal aria-selected:opacity-100 hover:bg-gray-neutral day-outside text-muted-foreground aria-selected:bg-accent/50 aria-selected:text-muted-foreground"
                  role="gridcell"
                >
                  3
                </div>
              </td>
            </tr>
          </tbody>
        </table>
      </div>
    </div>
  </div>
</DocumentFragment>
`;
