// Jest Snapshot v1, https://goo.gl/fbAQLP

exports[`NotificationBadge component should match snapshot 1`] = `
<DocumentFragment>
  <div
    class="relative flex items-center justify-center rounded-full w-[53px] h-[53px] bg-primary"
  >
    <svg
      class="lucide lucide-bell text-white w-6 h-6"
      fill="none"
      height="24"
      stroke="currentColor"
      stroke-linecap="round"
      stroke-linejoin="round"
      stroke-width="2"
      viewBox="0 0 24 24"
      width="24"
      xmlns="http://www.w3.org/2000/svg"
    >
      <path
        d="M10.268 21a2 2 0 0 0 3.464 0"
      />
      <path
        d="M3.262 15.326A1 1 0 0 0 4 17h16a1 1 0 0 0 .74-1.673C19.41 13.956 18 12.499 18 8A6 6 0 0 0 6 8c0 4.499-1.411 5.956-2.738 7.326"
      />
    </svg>
    <div
      class="absolute -top-0 -right-2"
    >
      <div
        class="flex h-5 w-5 items-center justify-center rounded-full border border-white bg-red-primary text-white text-xs font-bold shadow-md"
      >
        13
      </div>
    </div>
  </div>
</DocumentFragment>
`;
