// Jest Snapshot v1, https://goo.gl/fbAQLP

exports[`NextOfKinForm Component should match snapshot 1`] = `
{
  "asFragment": [Function],
  "baseElement": <body>
    <div>
      <form>
        <div
          class="w-full px-10 py-16 text-black-default space-y-10"
        >
          <div
            class="flex items-start gap-14"
          >
            <div
              class="grid w-full gap-2"
            >
              <div
                class="w-full space-y-5"
              >
                <label
                  class="peer-disabled:cursor-not-allowed peer-disabled:opacity-70 text-black-soft text-md"
                  id="Next of kin name-label"
                >
                  Next of kin name
                </label>
                <input
                  aria-describedby=":r0:-form-item-description"
                  aria-invalid="false"
                  aria-labelledby="Next of kin name-label"
                  autocomplete="off"
                  class="font-productsans flex w-full py-4 text-lg text-black-smoky placeholder:text-gray-soft outline-none disabled:cursor-not-allowed disabled:opacity-50 bg-blue-light h-[68px] px-12 rounded-[15px]"
                  data-testid="input-element"
                  id=":r0:-form-item"
                  name="name"
                  placeholder="Enter your next of kin name"
                  value=""
                />
              </div>
            </div>
            <div
              class="grid w-full gap-2"
            >
              <div
                class="w-full space-y-5"
              >
                <label
                  class="peer-disabled:cursor-not-allowed peer-disabled:opacity-70 text-black-soft text-md"
                  id="Job / Occupation-label"
                >
                  Job / Occupation
                </label>
                <input
                  aria-describedby=":r1:-form-item-description"
                  aria-invalid="false"
                  aria-labelledby="Job / Occupation-label"
                  autocomplete="off"
                  class="font-productsans flex w-full py-4 text-lg text-black-smoky placeholder:text-gray-soft outline-none disabled:cursor-not-allowed disabled:opacity-50 bg-blue-light h-[68px] px-12 rounded-[15px]"
                  data-testid="input-element"
                  id=":r1:-form-item"
                  name="job"
                  placeholder="Enter your job / occupation"
                  value=""
                />
              </div>
            </div>
          </div>
          <div
            class="flex items-start gap-14"
          >
            <div
              class="grid w-full gap-2"
            >
              <div
                class="w-full space-y-5"
              >
                <label
                  class="peer-disabled:cursor-not-allowed peer-disabled:opacity-70 text-black-soft text-md"
                  id="Phone Number-label"
                >
                  Phone Number
                </label>
                <input
                  aria-describedby=":r2:-form-item-description"
                  aria-invalid="false"
                  aria-labelledby="Phone Number-label"
                  autocomplete="off"
                  class="font-productsans flex w-full py-4 text-lg text-black-smoky placeholder:text-gray-soft outline-none disabled:cursor-not-allowed disabled:opacity-50 bg-blue-light h-[68px] px-12 rounded-[15px]"
                  data-testid="input-element"
                  id=":r2:-form-item"
                  name="phone"
                  placeholder="Enter your phone number"
                  value=""
                />
              </div>
            </div>
            <div
              class="space-y-2 w-full"
            >
              <label
                class="peer-disabled:cursor-not-allowed peer-disabled:opacity-70 text-black-soft text-md"
              >
                Relationship
              </label>
              <button
                aria-autocomplete="none"
                aria-controls="radix-:r4:"
                aria-expanded="false"
                class="font-productsans flex w-full items-center justify-between border border-input py-2 text-lg ring-offset-background data-[placeholder]:text-gray-soft focus:outline-none disabled:cursor-not-allowed disabled:opacity-50 [&>span]:line-clamp-1 bg-blue-light h-[68px] px-12 rounded-[15px]"
                data-placeholder=""
                data-state="closed"
                dir="ltr"
                role="combobox"
                title="Select"
                type="button"
              >
                <span
                  style="pointer-events: none;"
                >
                  Select your relationship
                </span>
                <svg
                  aria-hidden="true"
                  class="lucide lucide-chevron-down h-4 w-4 opacity-50"
                  fill="none"
                  height="24"
                  stroke="currentColor"
                  stroke-linecap="round"
                  stroke-linejoin="round"
                  stroke-width="2"
                  viewBox="0 0 24 24"
                  width="24"
                  xmlns="http://www.w3.org/2000/svg"
                >
                  <path
                    d="m6 9 6 6 6-6"
                  />
                </svg>
              </button>
              <select
                aria-hidden="true"
                name="relationship"
                style="position: absolute; border: 0px; width: 1px; height: 1px; padding: 0px; margin: -1px; overflow: hidden; clip: rect(0px, 0px, 0px, 0px); white-space: nowrap; word-wrap: normal;"
                tabindex="-1"
              >
                <option
                  value="relative"
                >
                  Relative
                </option>
                <option
                  value="independent"
                >
                  Independent
                </option>
              </select>
            </div>
          </div>
          <div
            class="space-y-2 w-full"
          >
            <label
              class="peer-disabled:cursor-not-allowed peer-disabled:opacity-70 text-black-soft text-md"
            >
              Residential Address
            </label>
            <textarea
              aria-describedby=":r5:-form-item-description"
              aria-invalid="false"
              class="flex min-h-[80px] w-full rounded-regular bg-blue-light py-4 text-lg text-black-smoky placeholder:text-gray-soft outline-none resize-none disabled:cursor-not-allowed disabled:opacity-50 h-[122px] px-9 rounded-[15px]"
              id=":r5:-form-item"
              name="residentialAddress"
              placeholder="Enter your address"
            />
          </div>
          <div
            class="w-full h-[70px]"
          >
            <button
              class="font-productsans inline-flex items-center justify-center whitespace-nowrap rounded-[14px] text-lg font-bold ring-offset-background transition-all duration-300 ease-in-out outline-none focus-visible:outline-none disabled:opacity-50 disabled:cursor-not-allowed text-white h-[70px] py-6 w-[364px] bg-green-primary"
              disabled=""
              type="submit"
            >
              Update
            </button>
          </div>
        </div>
      </form>
    </div>
  </body>,
  "container": <div>
    <form>
      <div
        class="w-full px-10 py-16 text-black-default space-y-10"
      >
        <div
          class="flex items-start gap-14"
        >
          <div
            class="grid w-full gap-2"
          >
            <div
              class="w-full space-y-5"
            >
              <label
                class="peer-disabled:cursor-not-allowed peer-disabled:opacity-70 text-black-soft text-md"
                id="Next of kin name-label"
              >
                Next of kin name
              </label>
              <input
                aria-describedby=":r0:-form-item-description"
                aria-invalid="false"
                aria-labelledby="Next of kin name-label"
                autocomplete="off"
                class="font-productsans flex w-full py-4 text-lg text-black-smoky placeholder:text-gray-soft outline-none disabled:cursor-not-allowed disabled:opacity-50 bg-blue-light h-[68px] px-12 rounded-[15px]"
                data-testid="input-element"
                id=":r0:-form-item"
                name="name"
                placeholder="Enter your next of kin name"
                value=""
              />
            </div>
          </div>
          <div
            class="grid w-full gap-2"
          >
            <div
              class="w-full space-y-5"
            >
              <label
                class="peer-disabled:cursor-not-allowed peer-disabled:opacity-70 text-black-soft text-md"
                id="Job / Occupation-label"
              >
                Job / Occupation
              </label>
              <input
                aria-describedby=":r1:-form-item-description"
                aria-invalid="false"
                aria-labelledby="Job / Occupation-label"
                autocomplete="off"
                class="font-productsans flex w-full py-4 text-lg text-black-smoky placeholder:text-gray-soft outline-none disabled:cursor-not-allowed disabled:opacity-50 bg-blue-light h-[68px] px-12 rounded-[15px]"
                data-testid="input-element"
                id=":r1:-form-item"
                name="job"
                placeholder="Enter your job / occupation"
                value=""
              />
            </div>
          </div>
        </div>
        <div
          class="flex items-start gap-14"
        >
          <div
            class="grid w-full gap-2"
          >
            <div
              class="w-full space-y-5"
            >
              <label
                class="peer-disabled:cursor-not-allowed peer-disabled:opacity-70 text-black-soft text-md"
                id="Phone Number-label"
              >
                Phone Number
              </label>
              <input
                aria-describedby=":r2:-form-item-description"
                aria-invalid="false"
                aria-labelledby="Phone Number-label"
                autocomplete="off"
                class="font-productsans flex w-full py-4 text-lg text-black-smoky placeholder:text-gray-soft outline-none disabled:cursor-not-allowed disabled:opacity-50 bg-blue-light h-[68px] px-12 rounded-[15px]"
                data-testid="input-element"
                id=":r2:-form-item"
                name="phone"
                placeholder="Enter your phone number"
                value=""
              />
            </div>
          </div>
          <div
            class="space-y-2 w-full"
          >
            <label
              class="peer-disabled:cursor-not-allowed peer-disabled:opacity-70 text-black-soft text-md"
            >
              Relationship
            </label>
            <button
              aria-autocomplete="none"
              aria-controls="radix-:r4:"
              aria-expanded="false"
              class="font-productsans flex w-full items-center justify-between border border-input py-2 text-lg ring-offset-background data-[placeholder]:text-gray-soft focus:outline-none disabled:cursor-not-allowed disabled:opacity-50 [&>span]:line-clamp-1 bg-blue-light h-[68px] px-12 rounded-[15px]"
              data-placeholder=""
              data-state="closed"
              dir="ltr"
              role="combobox"
              title="Select"
              type="button"
            >
              <span
                style="pointer-events: none;"
              >
                Select your relationship
              </span>
              <svg
                aria-hidden="true"
                class="lucide lucide-chevron-down h-4 w-4 opacity-50"
                fill="none"
                height="24"
                stroke="currentColor"
                stroke-linecap="round"
                stroke-linejoin="round"
                stroke-width="2"
                viewBox="0 0 24 24"
                width="24"
                xmlns="http://www.w3.org/2000/svg"
              >
                <path
                  d="m6 9 6 6 6-6"
                />
              </svg>
            </button>
            <select
              aria-hidden="true"
              name="relationship"
              style="position: absolute; border: 0px; width: 1px; height: 1px; padding: 0px; margin: -1px; overflow: hidden; clip: rect(0px, 0px, 0px, 0px); white-space: nowrap; word-wrap: normal;"
              tabindex="-1"
            >
              <option
                value="relative"
              >
                Relative
              </option>
              <option
                value="independent"
              >
                Independent
              </option>
            </select>
          </div>
        </div>
        <div
          class="space-y-2 w-full"
        >
          <label
            class="peer-disabled:cursor-not-allowed peer-disabled:opacity-70 text-black-soft text-md"
          >
            Residential Address
          </label>
          <textarea
            aria-describedby=":r5:-form-item-description"
            aria-invalid="false"
            class="flex min-h-[80px] w-full rounded-regular bg-blue-light py-4 text-lg text-black-smoky placeholder:text-gray-soft outline-none resize-none disabled:cursor-not-allowed disabled:opacity-50 h-[122px] px-9 rounded-[15px]"
            id=":r5:-form-item"
            name="residentialAddress"
            placeholder="Enter your address"
          />
        </div>
        <div
          class="w-full h-[70px]"
        >
          <button
            class="font-productsans inline-flex items-center justify-center whitespace-nowrap rounded-[14px] text-lg font-bold ring-offset-background transition-all duration-300 ease-in-out outline-none focus-visible:outline-none disabled:opacity-50 disabled:cursor-not-allowed text-white h-[70px] py-6 w-[364px] bg-green-primary"
            disabled=""
            type="submit"
          >
            Update
          </button>
        </div>
      </div>
    </form>
  </div>,
  "debug": [Function],
  "findAllByAltText": [Function],
  "findAllByDisplayValue": [Function],
  "findAllByLabelText": [Function],
  "findAllByPlaceholderText": [Function],
  "findAllByRole": [Function],
  "findAllByTestId": [Function],
  "findAllByText": [Function],
  "findAllByTitle": [Function],
  "findByAltText": [Function],
  "findByDisplayValue": [Function],
  "findByLabelText": [Function],
  "findByPlaceholderText": [Function],
  "findByRole": [Function],
  "findByTestId": [Function],
  "findByText": [Function],
  "findByTitle": [Function],
  "getAllByAltText": [Function],
  "getAllByDisplayValue": [Function],
  "getAllByLabelText": [Function],
  "getAllByPlaceholderText": [Function],
  "getAllByRole": [Function],
  "getAllByTestId": [Function],
  "getAllByText": [Function],
  "getAllByTitle": [Function],
  "getByAltText": [Function],
  "getByDisplayValue": [Function],
  "getByLabelText": [Function],
  "getByPlaceholderText": [Function],
  "getByRole": [Function],
  "getByTestId": [Function],
  "getByText": [Function],
  "getByTitle": [Function],
  "queryAllByAltText": [Function],
  "queryAllByDisplayValue": [Function],
  "queryAllByLabelText": [Function],
  "queryAllByPlaceholderText": [Function],
  "queryAllByRole": [Function],
  "queryAllByTestId": [Function],
  "queryAllByText": [Function],
  "queryAllByTitle": [Function],
  "queryByAltText": [Function],
  "queryByDisplayValue": [Function],
  "queryByLabelText": [Function],
  "queryByPlaceholderText": [Function],
  "queryByRole": [Function],
  "queryByTestId": [Function],
  "queryByText": [Function],
  "queryByTitle": [Function],
  "rerender": [Function],
  "unmount": [Function],
}
`;
